2026-05-19 12:48:08,745 [INFO] ============================================================
2026-05-19 12:48:08,745 [INFO] 전국 자동차 등록 현황 DB 적재 시작
2026-05-19 12:48:08,745 [INFO] 시작: 2026-05-19 12:48:08
2026-05-19 12:48:08,745 [INFO] ============================================================
2026-05-19 12:48:08,745 [INFO] 발견 파일: 28개
2026-05-19 12:48:08,768 [ERROR] DB 연결 실패: 'cryptography' package is required for sha256_password or caching_sha2_password auth methods
2026-05-19 12:50:07,197 [INFO] ============================================================
2026-05-19 12:50:07,197 [INFO] 전국 자동차 등록 현황 DB 적재 시작
2026-05-19 12:50:07,197 [INFO] 시작: 2026-05-19 12:50:07
2026-05-19 12:50:07,197 [INFO] ============================================================
2026-05-19 12:50:07,197 [INFO] 발견 파일: 28개
2026-05-19 12:50:07,213 [ERROR] DB 연결 실패: 'cryptography' package is required for sha256_password or caching_sha2_password auth methods
2026-05-19 12:52:47,654 [INFO] ============================================================
2026-05-19 12:52:47,654 [INFO] 전국 자동차 등록 현황 DB 적재 시작
2026-05-19 12:52:47,655 [INFO] 시작: 2026-05-19 12:52:47
2026-05-19 12:52:47,655 [INFO] ============================================================
2026-05-19 12:52:47,655 [INFO] 발견 파일: 28개
2026-05-19 12:52:47,699 [INFO] DB 연결 성공
2026-05-19 12:52:47,734 [INFO] 신규 파일 없음 — 모든 파일이 이미 적재되어 있습니다.
2026-05-19 13:53:24,420 [INFO] ============================================================
2026-05-19 13:53:24,420 [INFO] 전국 자동차 등록 현황 DB 적재 시작
2026-05-19 13:53:24,420 [INFO] 시작: 2026-05-19 13:53:24
2026-05-19 13:53:24,420 [INFO] ============================================================
2026-05-19 13:53:24,420 [INFO] 발견 파일: 28개
2026-05-19 13:53:24,453 [INFO] DB 연결 성공
2026-05-19 13:53:24,457 [INFO] 신규 파일 없음 — 모든 파일이 이미 적재되어 있습니다.
2026-05-19 14:26:02,205 [INFO] ============================================================
2026-05-19 14:26:02,205 [INFO] 전국 자동차 등록 현황 DB 적재 시작
2026-05-19 14:26:02,205 [INFO] 시작: 2026-05-19 14:26:02
2026-05-19 14:26:02,206 [INFO] ============================================================
2026-05-19 14:26:02,207 [INFO] 발견 파일: 28개
2026-05-19 14:26:02,232 [ERROR] DB 연결 실패: (1045, "Access denied for user 'homework'@'localhost' (using password: NO)")
2026-05-19 14:33:32,490 [INFO] ============================================================
2026-05-19 14:33:32,491 [INFO] 전국 자동차 등록 현황 DB 적재 시작
2026-05-19 14:33:32,491 [INFO] 시작: 2026-05-19 14:33:32
2026-05-19 14:33:32,491 [INFO] ============================================================
2026-05-19 14:33:32,492 [INFO] 발견 파일: 28개
2026-05-19 14:33:32,499 [INFO] DB 연결 성공
2026-05-19 14:33:32,504 [INFO] 신규 파일 없음 — 모든 파일이 이미 적재되어 있습니다.
